// Jest Snapshot v1, https://goo.gl/fbAQLP

exports[`<Home /> should render the home correctly 1`] = `
<div
  class="c-fIbhzJ keen-slider"
>
  <a
    class="c-jmYiOV keen-slider__slide"
    href="/product/1"
  >
    <img
      alt="camiseta"
      data-nimg="1"
      decoding="async"
      height="480"
      loading="lazy"
      src="/_next/image?url=https%3A%2F%2Fd1wqzb5bdbcre6.cloudfront.net%2Fd7e0f05b16a7dd5c6bda9d2b8023377c8d169c9d44fb684b9afea972f3bfa90f%2F68747470733a2f2f66696c65732e7374726970652e636f6d2f6c696e6b732f4d44423859574e6a6446387854566857527a46435a557853526e6c33616a427466475a735833526c633352664f4770614f47747a5a4539616257313457484635527a427855566c75646b707230307049447645725164&w=1080&q=75"
      srcset="/_next/image?url=https%3A%2F%2Fd1wqzb5bdbcre6.cloudfront.net%2Fd7e0f05b16a7dd5c6bda9d2b8023377c8d169c9d44fb684b9afea972f3bfa90f%2F68747470733a2f2f66696c65732e7374726970652e636f6d2f6c696e6b732f4d44423859574e6a6446387854566857527a46435a557853526e6c33616a427466475a735833526c633352664f4770614f47747a5a4539616257313457484635527a427855566c75646b707230307049447645725164&w=640&q=75 1x, /_next/image?url=https%3A%2F%2Fd1wqzb5bdbcre6.cloudfront.net%2Fd7e0f05b16a7dd5c6bda9d2b8023377c8d169c9d44fb684b9afea972f3bfa90f%2F68747470733a2f2f66696c65732e7374726970652e636f6d2f6c696e6b732f4d44423859574e6a6446387854566857527a46435a557853526e6c33616a427466475a735833526c633352664f4770614f47747a5a4539616257313457484635527a427855566c75646b707230307049447645725164&w=1080&q=75 2x"
      style="color: transparent;"
      width="520"
    />
    <footer
      class="c-fHCWwZ"
    >
      <strong
        class="c-eJYKcl"
      >
        Camiseta X
      </strong>
      <span
        class="c-cBOCLu"
      >
        R$ 79,00
      </span>
    </footer>
  </a>
  <a
    class="c-jmYiOV keen-slider__slide"
    href="/product/2"
  >
    <img
      alt="camiseta"
      data-nimg="1"
      decoding="async"
      height="480"
      loading="lazy"
      src="/_next/image?url=https%3A%2F%2Fd1wqzb5bdbcre6.cloudfront.net%2Fd7e0f05b16a7dd5c6bda9d2b8023377c8d169c9d44fb684b9afea972f3bfa90f%2F68747470733a2f2f66696c65732e7374726970652e636f6d2f6c696e6b732f4d44423859574e6a6446387854566857527a46435a557853526e6c33616a427466475a735833526c633352664f4770614f47747a5a4539616257313457484635527a427855566c75646b707230307049447645725164&w=1080&q=75"
      srcset="/_next/image?url=https%3A%2F%2Fd1wqzb5bdbcre6.cloudfront.net%2Fd7e0f05b16a7dd5c6bda9d2b8023377c8d169c9d44fb684b9afea972f3bfa90f%2F68747470733a2f2f66696c65732e7374726970652e636f6d2f6c696e6b732f4d44423859574e6a6446387854566857527a46435a557853526e6c33616a427466475a735833526c633352664f4770614f47747a5a4539616257313457484635527a427855566c75646b707230307049447645725164&w=640&q=75 1x, /_next/image?url=https%3A%2F%2Fd1wqzb5bdbcre6.cloudfront.net%2Fd7e0f05b16a7dd5c6bda9d2b8023377c8d169c9d44fb684b9afea972f3bfa90f%2F68747470733a2f2f66696c65732e7374726970652e636f6d2f6c696e6b732f4d44423859574e6a6446387854566857527a46435a557853526e6c33616a427466475a735833526c633352664f4770614f47747a5a4539616257313457484635527a427855566c75646b707230307049447645725164&w=1080&q=75 2x"
      style="color: transparent;"
      width="520"
    />
    <footer
      class="c-fHCWwZ"
    >
      <strong
        class="c-eJYKcl"
      >
        Camiseta Y
      </strong>
      <span
        class="c-cBOCLu"
      >
        R$ 79,00
      </span>
    </footer>
  </a>
  <a
    class="c-jmYiOV keen-slider__slide"
    href="/product/3"
  >
    <img
      alt="camiseta"
      data-nimg="1"
      decoding="async"
      height="480"
      loading="lazy"
      src="/_next/image?url=https%3A%2F%2Fd1wqzb5bdbcre6.cloudfront.net%2Fd7e0f05b16a7dd5c6bda9d2b8023377c8d169c9d44fb684b9afea972f3bfa90f%2F68747470733a2f2f66696c65732e7374726970652e636f6d2f6c696e6b732f4d44423859574e6a6446387854566857527a46435a557853526e6c33616a427466475a735833526c633352664f4770614f47747a5a4539616257313457484635527a427855566c75646b707230307049447645725164&w=1080&q=75"
      srcset="/_next/image?url=https%3A%2F%2Fd1wqzb5bdbcre6.cloudfront.net%2Fd7e0f05b16a7dd5c6bda9d2b8023377c8d169c9d44fb684b9afea972f3bfa90f%2F68747470733a2f2f66696c65732e7374726970652e636f6d2f6c696e6b732f4d44423859574e6a6446387854566857527a46435a557853526e6c33616a427466475a735833526c633352664f4770614f47747a5a4539616257313457484635527a427855566c75646b707230307049447645725164&w=640&q=75 1x, /_next/image?url=https%3A%2F%2Fd1wqzb5bdbcre6.cloudfront.net%2Fd7e0f05b16a7dd5c6bda9d2b8023377c8d169c9d44fb684b9afea972f3bfa90f%2F68747470733a2f2f66696c65732e7374726970652e636f6d2f6c696e6b732f4d44423859574e6a6446387854566857527a46435a557853526e6c33616a427466475a735833526c633352664f4770614f47747a5a4539616257313457484635527a427855566c75646b707230307049447645725164&w=1080&q=75 2x"
      style="color: transparent;"
      width="520"
    />
    <footer
      class="c-fHCWwZ"
    >
      <strong
        class="c-eJYKcl"
      >
        Camiseta Z
      </strong>
      <span
        class="c-cBOCLu"
      >
        R$ 79,00
      </span>
    </footer>
  </a>
  <a
    class="c-jmYiOV keen-slider__slide"
    href="/product/4"
  >
    <img
      alt="camiseta"
      data-nimg="1"
      decoding="async"
      height="480"
      loading="lazy"
      src="/_next/image?url=https%3A%2F%2Fd1wqzb5bdbcre6.cloudfront.net%2Fd7e0f05b16a7dd5c6bda9d2b8023377c8d169c9d44fb684b9afea972f3bfa90f%2F68747470733a2f2f66696c65732e7374726970652e636f6d2f6c696e6b732f4d44423859574e6a6446387854566857527a46435a557853526e6c33616a427466475a735833526c633352664f4770614f47747a5a4539616257313457484635527a427855566c75646b707230307049447645725164&w=1080&q=75"
      srcset="/_next/image?url=https%3A%2F%2Fd1wqzb5bdbcre6.cloudfront.net%2Fd7e0f05b16a7dd5c6bda9d2b8023377c8d169c9d44fb684b9afea972f3bfa90f%2F68747470733a2f2f66696c65732e7374726970652e636f6d2f6c696e6b732f4d44423859574e6a6446387854566857527a46435a557853526e6c33616a427466475a735833526c633352664f4770614f47747a5a4539616257313457484635527a427855566c75646b707230307049447645725164&w=640&q=75 1x, /_next/image?url=https%3A%2F%2Fd1wqzb5bdbcre6.cloudfront.net%2Fd7e0f05b16a7dd5c6bda9d2b8023377c8d169c9d44fb684b9afea972f3bfa90f%2F68747470733a2f2f66696c65732e7374726970652e636f6d2f6c696e6b732f4d44423859574e6a6446387854566857527a46435a557853526e6c33616a427466475a735833526c633352664f4770614f47747a5a4539616257313457484635527a427855566c75646b707230307049447645725164&w=1080&q=75 2x"
      style="color: transparent;"
      width="520"
    />
    <footer
      class="c-fHCWwZ"
    >
      <strong
        class="c-eJYKcl"
      >
        Camiseta A
      </strong>
      <span
        class="c-cBOCLu"
      >
        R$ 79,00
      </span>
    </footer>
  </a>
</div>
`;
