// Jest Snapshot v1, https://goo.gl/fbAQLP

exports[`<Main /> should render the heading correctly 1`] = `
<main
  class="c-oFMmS"
>
  <img
    alt="Imagem de um átomo e React Avançado escrito ao lado."
    class="c-iyMmUv"
    src="/img/logo.svg"
  />
  <h1
    class="c-iKvxSq"
  >
    React Avançado
  </h1>
  <h2
    class="c-hipMmg"
  >
    TypeScript, ReactJS, NextJS e Styled Components
  </h2>
  <img
    alt="Um desenvolvedor de frente para uma tela com código."
    class="c-dHOelJ"
    src="/img/hero-illustration.svg"
  />
</main>
`;
