// Jest Snapshot v1, https://goo.gl/fbAQLP

exports[`<Success /> should render the success correctly 1`] = `
<main
  class="c-NaspP"
>
  <h1
    class="c-cyhBKE"
  >
    Compra efetuada!
  </h1>
  <div
    class="c-kYFGTO"
  >
    <img
      alt="Camiseta X"
      data-nimg="1"
      decoding="async"
      height="106.1"
      loading="lazy"
      src="/_next/image?url=https%3A%2F%2Fd1wqzb5bdbcre6.cloudfront.net%2Fd7e0f05b16a7dd5c6bda9d2b8023377c8d169c9d44fb684b9afea972f3bfa90f%2F68747470733a2f2f66696c65732e7374726970652e636f6d2f6c696e6b732f4d44423859574e6a6446387854566857527a46435a557853526e6c33616a427466475a735833526c633352664f4770614f47747a5a4539616257313457484635527a427855566c75646b707230307049447645725164&w=256&q=75"
      srcset="/_next/image?url=https%3A%2F%2Fd1wqzb5bdbcre6.cloudfront.net%2Fd7e0f05b16a7dd5c6bda9d2b8023377c8d169c9d44fb684b9afea972f3bfa90f%2F68747470733a2f2f66696c65732e7374726970652e636f6d2f6c696e6b732f4d44423859574e6a6446387854566857527a46435a557853526e6c33616a427466475a735833526c633352664f4770614f47747a5a4539616257313457484635527a427855566c75646b707230307049447645725164&w=128&q=75 1x, /_next/image?url=https%3A%2F%2Fd1wqzb5bdbcre6.cloudfront.net%2Fd7e0f05b16a7dd5c6bda9d2b8023377c8d169c9d44fb684b9afea972f3bfa90f%2F68747470733a2f2f66696c65732e7374726970652e636f6d2f6c696e6b732f4d44423859574e6a6446387854566857527a46435a557853526e6c33616a427466475a735833526c633352664f4770614f47747a5a4539616257313457484635527a427855566c75646b707230307049447645725164&w=256&q=75 2x"
      style="color: transparent;"
      width="114.65"
    />
  </div>
  <p
    class="c-igMDba"
  >
    Uhuul 
    <strong>
      Gabriel
    </strong>
    , sua 
    <strong>
      Camiseta X
    </strong>
     
    já está a caminho da sua casa.
  </p>
  <a
    class="c-ibIMtF"
    href="/"
  >
    Voltar ao catálogo
  </a>
</main>
`;
