// Jest Snapshot v1, https://goo.gl/fbAQLP

exports[`<Container /> should render the container correctly 1`] = `
<div
  class="c-jrnCVl"
/>
`;
